{
  "testDocumentField" : [ [ ], [ {
    "id" : 2,
    "name" : "testName",
    "document" : {
      "id" : 1,
      "metaName" : "testName",
      "name" : "Document",
      "tools" : [ ],
      "sections" : [ ]
    }
  } ] ],
  "testParentSectionField" : [ [ {
    "id" : 5,
    "name" : "parent testName",
    "document" : {
      "id" : 4,
      "metaName" : "testName",
      "name" : "document1",
      "tools" : [ ],
      "sections" : [ ]
    }
  } ], [ {
    "id" : 5,
    "name" : "parent testName",
    "document" : {
      "id" : 3,
      "metaName" : "testName",
      "name" : "document",
      "tools" : [ ],
      "sections" : [ ]
    }
  }, {
    "id" : 6,
    "name" : "testName",
    "document" : 3,
    "parentSection" : 5
  } ] ]
}