{
  "testParentSectionField" : [ [ {
    "id" : 1,
    "name" : "parent testName",
    "document" : {
      "id" : 2,
      "metaName" : "projectStaffAssignments",
      "name" : "document1",
      "work" : {
        "id" : 3,
        "name" : "some test",
        "activities" : [ ],
        "documents" : [ {
          "id" : 4,
          "metaName" : "projectStaffAssignments",
          "name" : "document",
          "work" : 3,
          "tools" : [ ],
          "sections" : [ {
            "id" : 5,
            "name" : "testName",
            "document" : 4
          } ]
        }, 2 ],
        "tools" : [ ],
        "processes" : [ ],
        "processGroups" : [ ]
      },
      "tools" : [ ],
      "sections" : [ 1 ]
    }
  }, 5 ], [ {
    "id" : 1,
    "name" : "parent testName",
    "document" : {
      "id" : 2,
      "metaName" : "projectStaffAssignments",
      "name" : "document1",
      "work" : {
        "id" : 3,
        "name" : "some test",
        "activities" : [ ],
        "documents" : [ {
          "id" : 4,
          "metaName" : "projectStaffAssignments",
          "name" : "document",
          "work" : 3,
          "tools" : [ ],
          "sections" : [ {
            "id" : 5,
            "name" : "testName",
            "document" : 4,
            "parentSection" : 1
          } ]
        }, 2 ],
        "tools" : [ ],
        "processes" : [ ],
        "processGroups" : [ ]
      },
      "tools" : [ ],
      "sections" : [ 1 ]
    }
  }, 5 ] ]
}