{
  "testDocumentField" : [ [ ], [ {
    "name" : "testName",
    "document" : {
      "name" : "Document"
    }
  } ] ],
  "testParentSectionField" : [ [ {
    "name" : "parent testName",
    "document" : {
      "name" : "document1"
    }
  } ], [ {
    "name" : "parent testName",
    "document" : {
      "name" : "document"
    }
  }, {
    "name" : "testName",
    "document" : {
      "name" : "document"
    },
    "parentSection" : {
      "name" : "parent testName",
      "document" : {
        "name" : "document"
      }
    }
  } ] ]
}