{
  "testWorkCreate" : [ {
    "id" : 2,
    "name" : "testWork",
    "activities" : [ ],
    "documents" : [ ],
    "tools" : [ ],
    "processes" : [ ],
    "processGroups" : [ ],
    "createdBy" : {
      "id" : 1,
      "person" : {
        "id" : 1,
        "email" : "jon@doe.com"
      },
      "works" : [ 2 ]
    }
  } ],
  "testWorkDelete" : [ {
    "id" : 3,
    "person" : {
      "id" : 3,
      "email" : "jon@doe.com"
    },
    "works" : [ ]
  }, { } ]
}