{
  "testDocumentListenerInitializeDocument" : [ {
    "id" : 1,
    "metaName" : "projectStaffAssignments",
    "name" : "constructive_carrot",
    "work" : {
      "id" : 2,
      "name" : "test work",
      "activities" : [ ],
      "documents" : [ 1 ],
      "tools" : [ ],
      "processes" : [ ],
      "processGroups" : [ ]
    },
    "tools" : [ {
      "id" : 3,
      "name" : "flexible_designer",
      "metaName" : "acquisition",
      "document" : 1,
      "executionPercent" : 0
    }, {
      "id" : 4,
      "name" : "linear_fund",
      "metaName" : "preassignment",
      "document" : 1,
      "executionPercent" : 0
    }, {
      "id" : 5,
      "name" : "popular_leaf",
      "metaName" : "virtualTeams",
      "document" : 1,
      "executionPercent" : 0
    }, {
      "id" : 6,
      "name" : "steady_parent",
      "metaName" : "negotiation",
      "document" : 1,
      "executionPercent" : 0
    } ],
    "sections" : [ ]
  }, {
    "id" : 1,
    "metaName" : "projectStaffAssignments",
    "name" : "constructive_carrot",
    "work" : {
      "id" : 2,
      "name" : "test work",
      "activities" : [ ],
      "documents" : [ 1 ],
      "tools" : [ ],
      "processes" : [ ],
      "processGroups" : [ ]
    },
    "tools" : [ {
      "id" : 4,
      "name" : "linear_fund",
      "metaName" : "preassignment",
      "document" : 1,
      "executionPercent" : 0
    }, {
      "id" : 5,
      "name" : "popular_leaf",
      "metaName" : "virtualTeams",
      "document" : 1,
      "executionPercent" : 0
    }, {
      "id" : 6,
      "name" : "steady_parent",
      "metaName" : "negotiation",
      "document" : 1,
      "executionPercent" : 0
    } ],
    "sections" : [ ]
  }, {
    "id" : 1,
    "metaName" : "projectStaffAssignments",
    "name" : "new name",
    "work" : {
      "id" : 2,
      "name" : "test work",
      "activities" : [ ],
      "documents" : [ 1 ],
      "tools" : [ ],
      "processes" : [ ],
      "processGroups" : [ ]
    },
    "tools" : [ {
      "id" : 4,
      "name" : "linear_fund",
      "metaName" : "preassignment",
      "document" : 1,
      "executionPercent" : 0
    }, {
      "id" : 5,
      "name" : "popular_leaf",
      "metaName" : "virtualTeams",
      "document" : 1,
      "executionPercent" : 0
    }, {
      "id" : 6,
      "name" : "steady_parent",
      "metaName" : "negotiation",
      "document" : 1,
      "executionPercent" : 0
    }, {
      "name" : "abstract_rest",
      "metaName" : "acquisition",
      "document" : 1,
      "executionPercent" : 0
    }, {
      "name" : "controversial_supply",
      "metaName" : "preassignment",
      "document" : 1,
      "executionPercent" : 0
    }, {
      "name" : "fragrant_absorption",
      "metaName" : "virtualTeams",
      "document" : 1,
      "executionPercent" : 0
    }, {
      "name" : "lively_cassette",
      "metaName" : "negotiation",
      "document" : 1,
      "executionPercent" : 0
    } ],
    "sections" : [ ]
  } ]
}