{
  "testWorkListenerInitializeWork" : [ {
    "id" : 1,
    "name" : "constructive_carrot",
    "activities" : [ {
      "metaName" : "contractAdministration",
      "name" : "flexible_designer"
    }, {
      "metaName" : "costEstimating",
      "name" : "linear_fund"
    }, {
      "metaName" : "humanResourcePlanning",
      "name" : "popular_leaf"
    }, {
      "metaName" : "qualitativeRiskAnalysis",
      "name" : "steady_parent"
    }, {
      "metaName" : "planContracting",
      "name" : "abstract_rest"
    }, {
      "metaName" : "createWbs",
      "name" : "controversial_supply"
    }, {
      "metaName" : "directAndManageProjectExecution",
      "name" : "fragrant_absorption"
    }, {
      "metaName" : "monitorAndControlProjectWork",
      "name" : "lively_cassette"
    }, {
      "metaName" : "performanceReporting",
      "name" : "powerful_destruction"
    }, {
      "metaName" : "riskManagementPlanning",
      "name" : "straight_fuss"
    }, {
      "metaName" : "costBudgeting",
      "name" : "accessible_lecture"
    }, {
      "metaName" : "quantitativeRiskAnalysis",
      "name" : "cooperative_participant"
    }, {
      "metaName" : "acquireProjectTeam",
      "name" : "fresh_restriction"
    }, {
      "metaName" : "communicationsPlanning",
      "name" : "loose_surgery"
    }, {
      "metaName" : "activitySequencing",
      "name" : "pregnant_acceptance"
    }, {
      "metaName" : "scheduleDevelopment",
      "name" : "strong_cat"
    }, {
      "metaName" : "contractClosure",
      "name" : "addicted_deviation"
    }, {
      "metaName" : "performQualityAssurance",
      "name" : "cruel_game"
    }, {
      "metaName" : "requestSellerResponses",
      "name" : "full-time_legend"
    }, {
      "metaName" : "developProjectCharter",
      "name" : "loyal_party"
    }, {
      "metaName" : "manageStakeholders",
      "name" : "primary_retreat"
    }, {
      "metaName" : "developPreliminaryProjectScopeStatement",
      "name" : "stupid_survivor"
    }, {
      "metaName" : "planPurchasesAndAcquisitions",
      "name" : "aggressive_accumulation"
    }, {
      "metaName" : "riskMonitoringAndControl",
      "name" : "cute_cattle"
    }, {
      "metaName" : "closeProject",
      "name" : "generous_dialogue"
    }, {
      "metaName" : "scopeControl",
      "name" : "major_garden"
    }, {
      "metaName" : "integratedChangeControl",
      "name" : "professional_lemon"
    }, {
      "metaName" : "riskResponsePlanning",
      "name" : "sudden_passion"
    }, {
      "metaName" : "activityResourceEstimating",
      "name" : "alive_revival"
    }, {
      "metaName" : "activityDurationEstimating",
      "name" : "dead_sweet"
    }, {
      "metaName" : "manageProjectTeam",
      "name" : "glad_acquisition"
    }, {
      "metaName" : "scopeVerification",
      "name" : "mathematical_celebration"
    }, {
      "metaName" : "costControl",
      "name" : "proper_diet"
    }, {
      "metaName" : "scopePlanning",
      "name" : "surprised_gear"
    }, {
      "metaName" : "selectSellers",
      "name" : "ambitious_liability"
    }, {
      "metaName" : "developProjectTeam",
      "name" : "decorative_pasture"
    }, {
      "metaName" : "scheduleControl",
      "name" : "grand_rhythm"
    }, {
      "metaName" : "scopeDefinition",
      "name" : "mechanical_syllable"
    }, {
      "metaName" : "developProjectManagementPlan",
      "name" : "public_addition"
    }, {
      "metaName" : "informationDistribution",
      "name" : "systematic_censorship"
    }, {
      "metaName" : "activityDefinition",
      "name" : "anonymous_dimension"
    }, {
      "metaName" : "qualityPlanning",
      "name" : "democratic_gentleman"
    }, {
      "metaName" : "riskIdentification",
      "name" : "green_lid"
    } ],
    "documents" : [ {
      "metaName" : "staffingManagementPlan",
      "name" : "middle-class_patience",
      "tools" : [ ],
      "sections" : [ ]
    }, {
      "metaName" : "enterpriseEnvironmentalFactors",
      "name" : "quiet_rider",
      "tools" : [ ],
      "sections" : [ ]
    }, {
      "metaName" : "selectedSellers",
      "name" : "tasty_syndrome",
      "tools" : [ ],
      "sections" : [ ]
    }, {
      "metaName" : "validatedDefectRepair",
      "name" : "archaeological_admission",
      "tools" : [ ],
      "sections" : [ ]
    }, {
      "metaName" : "resolvedIssues",
      "name" : "difficult_ceremony",
      "tools" : [ ],
      "sections" : [ ]
    }, {
      "metaName" : "wbs",
      "name" : "hard_director",
      "tools" : [ ],
      "sections" : [ ]
    }, {
      "metaName" : "forecastedCompletion",
      "name" : "minor_giant",
      "tools" : [ ],
      "sections" : [ ]
    }, {
      "metaName" : "projectCalendar",
      "name" : "rational_lift",
      "tools" : [ ],
      "sections" : [ ]
    }, {
      "metaName" : "administrativeClosureProcedure",
      "name" : "tense_pause",
      "tools" : [ ],
      "sections" : [ ]
    }, {
      "metaName" : "procurementManagementPlan",
      "name" : "ashamed_ring",
      "tools" : [ ],
      "sections" : [ ]
    }, {
      "metaName" : "qualityManagementPlan",
      "name" : "dirty_tail",
      "tools" : [ ],
      "sections" : [ ]
    }, {
      "metaName" : "deliverables",
      "name" : "heavy_advantage",
      "tools" : [ ],
      "sections" : [ ]
    }, {
      "metaName" : "riskManagementPlan",
      "name" : "modest_chalk",
      "tools" : [ ],
      "sections" : [ ]
    }, {
      "metaName" : "qualityMetrics",
      "name" : "realistic_disagreement",
      "tools" : [ ],
      "sections" : [ ]
    }, {
      "metaName" : "performanceMeasurementBaseline",
      "name" : "thirsty_glance",
      "tools" : [ ],
      "sections" : [ ]
    }, {
      "metaName" : "implementedPreventiveActions",
      "name" : "attractive_limitation",
      "tools" : [ ],
      "sections" : [ ]
    }, {
      "metaName" : "costBaseline",
      "name" : "domestic_peanut",
      "tools" : [ ],
      "sections" : [ ]
    }, {
      "metaName" : "scopeBaseline",
      "name" : "hilarious_ritual",
      "tools" : [ ],
      "sections" : [ ]
    }, {
      "metaName" : "projectScopeStatement",
      "name" : "moral_tape",
      "tools" : [ ],
      "sections" : [ ]
    }, {
      "metaName" : "approvedDefectRepair",
      "name" : "regular_adviser",
      "tools" : [ ],
      "sections" : [ ]
    }, {
      "metaName" : "resourceAvailability",
      "name" : "tired_chance",
      "tools" : [ ],
      "sections" : [ ]
    }, {
      "metaName" : "wbsDictionary",
      "name" : "aware_discount",
      "tools" : [ ],
      "sections" : [ ]
    }, {
      "metaName" : "qualityChecklists",
      "name" : "due_glory",
      "tools" : [ ],
      "sections" : [ ]
    }, {
      "metaName" : "workPerformanceInformation",
      "name" : "honest_lion",
      "tools" : [ ],
      "sections" : [ ]
    }, {
      "metaName" : "riskRegister",
      "name" : "musical_penalty",
      "tools" : [ ],
      "sections" : [ ]
    }, {
      "metaName" : "rejectedChangeRequests",
      "name" : "reliable_robot",
      "tools" : [ ],
      "sections" : [ ]
    }, {
      "metaName" : "contract",
      "name" : "traditional_taxi",
      "tools" : [ ],
      "sections" : [ ]
    }, {
      "metaName" : "scheduleBaseline",
      "name" : "balanced_age",
      "tools" : [ ],
      "sections" : [ ]
    }, {
      "metaName" : "acceptedDeliverables",
      "name" : "early_chapter",
      "tools" : [ ],
      "sections" : [ ]
    }, {
      "metaName" : "implementedCorrectiveActions",
      "name" : "hot_disease",
      "tools" : [ ],
      "sections" : [ ]
    }, {
      "metaName" : "milestoneList",
      "name" : "native_goal",
      "tools" : [ ],
      "sections" : [ ]
    }, {
      "metaName" : "resourceRequirements",
      "name" : "residential_literacy",
      "tools" : [ ],
      "sections" : [ ]
    }, {
      "metaName" : "projectScopeManagementPlan",
      "name" : "true_pensioner",
      "tools" : [ ],
      "sections" : [ ]
    }, {
      "metaName" : "performanceReports",
      "name" : "beautiful_roof",
      "tools" : [ ],
      "sections" : [ ]
    }, {
      "metaName" : "preliminaryProjectScopeStatement",
      "name" : "effective_tear",
      "tools" : [ ],
      "sections" : [ ]
    }, {
      "metaName" : "approvedPreventiveActions",
      "name" : "ignorant_agony",
      "tools" : [ ],
      "sections" : [ ]
    }, {
      "metaName" : "outsourceContract",
      "name" : "neutral_charity",
      "tools" : [ ],
      "sections" : [ ]
    }, {
      "metaName" : "procurementDocumentPackage",
      "name" : "restricted_disorder",
      "tools" : [ ],
      "sections" : [ ]
    }, {
      "metaName" : "projectManagementProcesses",
      "name" : "unanimous_gold",
      "tools" : [ ],
      "sections" : [ ]
    }, {
      "metaName" : "proposals",
      "name" : "blank_loan",
      "tools" : [ ],
      "sections" : [ ]
    }, {
      "metaName" : "activityCostEstimates",
      "name" : "eligible_performance",
      "tools" : [ ],
      "sections" : [ ]
    }, {
      "metaName" : "recommendedCorrectiveActions",
      "name" : "implicit_rose",
      "tools" : [ ],
      "sections" : [ ]
    }, {
      "metaName" : "forecasts",
      "name" : "noisy_telephone",
      "tools" : [ ],
      "sections" : [ ]
    }, {
      "metaName" : "resourceCalendars",
      "name" : "right_aids",
      "tools" : [ ],
      "sections" : [ ]
    }, {
      "metaName" : "qualityControlMeasurements",
      "name" : "unemployed_chauvinist",
      "tools" : [ ],
      "sections" : [ ]
    }, {
      "metaName" : "scheduleManagementPlan",
      "name" : "bold_distributor",
      "tools" : [ ],
      "sections" : [ ]
    }, {
      "metaName" : "projectOrganizationalCharts",
      "name" : "empty_gown",
      "tools" : [ ],
      "sections" : [ ]
    }, {
      "metaName" : "closedContracts",
      "name" : "inadequate_log",
      "tools" : [ ],
      "sections" : [ ]
    }, {
      "metaName" : "processImprovementPlan",
      "name" : "obese_person",
      "tools" : [ ],
      "sections" : [ ]
    }, {
      "metaName" : "evaluationCriteria",
      "name" : "round_routine",
      "tools" : [ ],
      "sections" : [ ]
    }, {
      "metaName" : "projectScheduleNetworkDiagrams",
      "name" : "uniform_temptation",
      "tools" : [ ],
      "sections" : [ ]
    }, {
      "metaName" : "finalProductServiceOrResult",
      "name" : "bureaucratic_aisle",
      "tools" : [ ],
      "sections" : [ ]
    }, {
      "metaName" : "activityDurationEstimates",
      "name" : "environmental_chemistry",
      "tools" : [ ],
      "sections" : [ ]
    }, {
      "metaName" : "approvedChangeRequests",
      "name" : "incredible_division",
      "tools" : [ ],
      "sections" : [ ]
    }, {
      "metaName" : "projectFundingRequirements",
      "name" : "occupational_grain",
      "tools" : [ ],
      "sections" : [ ]
    }, {
      "metaName" : "makeBuyDecisions",
      "name" : "safe_loss",
      "tools" : [ ],
      "sections" : [ ]
    }, {
      "metaName" : "requestedChanges",
      "name" : "unlike_phenomenon",
      "tools" : [ ],
      "sections" : [ ]
    }, {
      "metaName" : "projectSchedule",
      "name" : "cautious_ruin",
      "tools" : [ ],
      "sections" : [ ]
    }, {
      "metaName" : "activityAttributes",
      "name" : "eternal_tent",
      "tools" : [ ],
      "sections" : [ ]
    }, {
      "metaName" : "organizationalProcessAssets",
      "name" : "indoor_allocation",
      "tools" : [ ],
      "sections" : [ ]
    }, {
      "metaName" : "rolesAndResponsibilities",
      "name" : "old_chicken",
      "tools" : [ ],
      "sections" : [ ]
    }, {
      "metaName" : "activityList",
      "name" : "seasonal_dog",
      "tools" : [ ],
      "sections" : [ ]
    }, {
      "metaName" : "scheduleModelData",
      "name" : "useful_grant",
      "tools" : [ ],
      "sections" : [ ]
    }, {
      "metaName" : "contractClosureProcedure",
      "name" : "charismatic_loyalty",
      "tools" : [ ],
      "sections" : [ ]
    }, {
      "metaName" : "qualityBaseline",
      "name" : "exact_photography",
      "tools" : [ ],
      "sections" : [ ]
    }, {
      "metaName" : "projectStatementOfWork",
      "name" : "influential_rush",
      "tools" : [ ],
      "sections" : [ ]
    }, {
      "metaName" : "costManagementPlan",
      "name" : "optimistic_terrorist",
      "tools" : [ ],
      "sections" : [ ]
    }, {
      "metaName" : "implementedDefectRepair",
      "name" : "senior_aluminium",
      "tools" : [ ],
      "sections" : [ ]
    }, {
      "metaName" : "projectStaffAssignments",
      "name" : "vague_chimney",
      "tools" : [ ],
      "sections" : [ ]
    }, {
      "metaName" : "teamPerformanceAssessment",
      "name" : "chronic_domination",
      "tools" : [ ],
      "sections" : [ ]
    }, {
      "metaName" : "resourcesBreakdownStructure",
      "name" : "exotic_gravel",
      "tools" : [ ],
      "sections" : [ ]
    }, {
      "metaName" : "recommendedDefectRepair",
      "name" : "insufficient_machine",
      "tools" : [ ],
      "sections" : [ ]
    }, {
      "metaName" : "projectCharter",
      "name" : "organic_pie",
      "tools" : [ ],
      "sections" : [ ]
    }, {
      "metaName" : "contractDocumentation",
      "name" : "sexual_sailor",
      "tools" : [ ],
      "sections" : [ ]
    }, {
      "metaName" : "projectManagementPlan",
      "name" : "varied_thanks",
      "tools" : [ ],
      "sections" : [ ]
    }, {
      "metaName" : "approvedCorrectiveActions",
      "name" : "clean_amendment",
      "tools" : [ ],
      "sections" : [ ]
    }, {
      "metaName" : "costEstimate",
      "name" : "experimental_chord",
      "tools" : [ ],
      "sections" : [ ]
    }, {
      "metaName" : "activityResourceRequirements",
      "name" : "interactive_double",
      "tools" : [ ],
      "sections" : [ ]
    }, {
      "metaName" : "procurementDocuments",
      "name" : "outer_grief",
      "tools" : [ ],
      "sections" : [ ]
    }, {
      "metaName" : "recommendedPreventiveActions",
      "name" : "shy_maid",
      "tools" : [ ],
      "sections" : [ ]
    }, {
      "metaName" : "contractManagementPlan",
      "name" : "vicious_pigeon",
      "tools" : [ ],
      "sections" : [ ]
    }, {
      "metaName" : "performanceMeasurements",
      "name" : "cold_salt",
      "tools" : [ ],
      "sections" : [ ]
    }, {
      "metaName" : "riskRelatedContractualAgreements",
      "name" : "extinct_theorist",
      "tools" : [ ],
      "sections" : [ ]
    }, {
      "metaName" : "qualifiedSellerList",
      "name" : "international_angel",
      "tools" : [ ],
      "sections" : [ ]
    }, {
      "metaName" : "activityCostEstimateSupportingDetail",
      "name" : "paralyzed_cinema",
      "tools" : [ ],
      "sections" : [ ]
    }, {
      "metaName" : "communicationsManagementPlan",
      "name" : "skilled_draft",
      "tools" : [ ],
      "sections" : [ ]
    }, {
      "metaName" : "implementedChangeRequests",
      "name" : "visual_grounds",
      "tools" : [ ],
      "sections" : [ ]
    }, {
      "metaName" : "contractStatementOfWork",
      "name" : "commercial_makeup",
      "tools" : [ ],
      "sections" : [ ]
    } ],
    "tools" : [ ],
    "processes" : [ {
      "name" : "false_pin",
      "metaName" : "communicationsManagement"
    }, {
      "name" : "joint_sand",
      "metaName" : "timeManagement"
    }, {
      "name" : "passionate_thesis",
      "metaName" : "qualityManagement"
    }, {
      "name" : "smart_ankle",
      "metaName" : "scopeManagement"
    }, {
      "name" : "warm_citizen",
      "metaName" : "costManagement"
    }, {
      "name" : "competent_drawing",
      "metaName" : "integrationManagement"
    }, {
      "name" : "fast_guest",
      "metaName" : "procurementManagement"
    }, {
      "name" : "kind_manner",
      "metaName" : "humanResourceManagement"
    }, {
      "name" : "peaceful_pitch",
      "metaName" : "riskManagement"
    } ],
    "processGroups" : [ {
      "name" : "soft_sauce",
      "metaName" : "monitoringAndControlling"
    }, {
      "name" : "well_thread",
      "metaName" : "planning"
    }, {
      "name" : "comprehensive_anticipation",
      "metaName" : "closing"
    }, {
      "name" : "federal_clash",
      "metaName" : "initiating"
    }, {
      "name" : "latest_drill",
      "metaName" : "executing"
    } ]
  } ]
}