{
  "testDocumentListenerInitializeDocument" : [ {
    "id" : 1,
    "name" : "constructive_carrot",
    "work" : {
      "id" : 2,
      "name" : "test work",
      "tools" : [ ],
      "activities" : [ ],
      "processes" : [ ],
      "documents" : [ 1 ],
      "processGroups" : [ ],
      "person" : {
        "id" : 3,
        "name" : "test person",
        "person" : { },
        "works" : [ ]
      }
    },
    "sections" : [ ],
    "topLevelSections" : [ ],
    "metaName" : "projectStaffAssignments"
  } ]
}